
> react-kavia@0.1.0 start
> react-scripts start

Attempting to bind to HOST environment variable: 0.0.0.0
If this was unintentional, check that you haven't mistakenly set it in your shell.
Learn more here: https://cra.link/advanced-config

(node:2822) [DEP_WEBPACK_DEV_SERVER_ON_AFTER_SETUP_MIDDLEWARE] DeprecationWarning: 'onAfterSetupMiddleware' option is deprecated. Please use the 'setupMiddlewares' option.
(Use `node --trace-deprecation ...` to show where the warning was created)
(node:2822) [DEP_WEBPACK_DEV_SERVER_ON_BEFORE_SETUP_MIDDLEWARE] DeprecationWarning: 'onBeforeSetupMiddleware' option is deprecated. Please use the 'setupMiddlewares' option.
Starting the development server...

Compiled with warnings.

[eslint] 
src/App.js
  Line 114:10:  'TriviaGame' is defined but never used             no-unused-vars
  Line 124:10:  'timeoutFired' is assigned a value but never used  no-unused-vars
  Line 536:10:  'gameState' is assigned a value but never used     no-unused-vars
  Line 567:10:  'handlers' is assigned a value but never used      no-unused-vars
  Line 569:10:  'tgProps' is assigned a value but never used       no-unused-vars
  Line 569:19:  'setTgProps' is assigned a value but never used    no-unused-vars
  Line 598:10:  'timeoutFired' is assigned a value but never used  no-unused-vars

Search for the keywords to learn more about each warning.
To ignore, add // eslint-disable-next-line to the line before.

WARNING in [eslint] 
src/App.js
  Line 114:10:  'TriviaGame' is defined but never used             no-unused-vars
  Line 124:10:  'timeoutFired' is assigned a value but never used  no-unused-vars
  Line 536:10:  'gameState' is assigned a value but never used     no-unused-vars
  Line 567:10:  'handlers' is assigned a value but never used      no-unused-vars
  Line 569:10:  'tgProps' is assigned a value but never used       no-unused-vars
  Line 569:19:  'setTgProps' is assigned a value but never used    no-unused-vars
  Line 598:10:  'timeoutFired' is assigned a value but never used  no-unused-vars

webpack compiled with 1 warning
